ERC report (2026-09-07T14:11:19, Encoding UTF8)
Report includes: Errors, Warnings

***** Sheet /
[pin_not_connected]: Pin not connected
    ; error
    @(72.39 mm, 109.22 mm): Symbol IC1 Pin 1 [IN1+, Passive, Line]
[pin_not_connected]: Pin not connected
    ; error
    @(72.39 mm, 111.76 mm): Symbol IC1 Pin 2 [IN1-, Passive, Line]
[pin_not_connected]: Pin not connected
    ; error
    @(72.39 mm, 114.30 mm): Symbol IC1 Pin 3 [IN2-, Passive, Line]
[pin_not_connected]: Pin not connected
    ; error
    @(72.39 mm, 116.84 mm): Symbol IC1 Pin 4 [IN2+, Passive, Line]
[pin_not_connected]: Pin not connected
    ; error
    @(102.87 mm, 109.22 mm): Symbol IC1 Pin 8 [V+, Passive, Line]
[pin_not_connected]: Pin not connected
    ; error
    @(102.87 mm, 111.76 mm): Symbol IC1 Pin 7 [OUT1, Passive, Line]
[pin_not_connected]: Pin not connected
    ; error
    @(102.87 mm, 114.30 mm): Symbol IC1 Pin 6 [OUT2, Passive, Line]
[pin_not_connected]: Pin not connected
    ; error
    @(102.87 mm, 116.84 mm): Symbol IC1 Pin 5 [V-, Passive, Line]
[pin_not_connected]: Pin not connected
    ; error
    @(130.81 mm, 137.16 mm): Symbol U4 Pin 2 [Input, Line]
[pin_not_driven]: Input pin not driven by any Output pins
    ; error
    @(130.81 mm, 137.16 mm): Symbol U4 Pin 2 [Input, Line]
[pin_not_connected]: Pin not connected
    ; error
    @(140.97 mm, 127.00 mm): Symbol U4 Pin 5 [VCC, Power input, Line]
[power_pin_not_driven]: Input Power pin not driven by any Output Power pins
    ; error
    @(140.97 mm, 127.00 mm): Symbol U4 Pin 5 [VCC, Power input, Line]
[pin_not_connected]: Pin not connected
    ; error
    @(140.97 mm, 147.32 mm): Symbol U4 Pin 3 [GND, Power input, Line]
[power_pin_not_driven]: Input Power pin not driven by any Output Power pins
    ; error
    @(140.97 mm, 147.32 mm): Symbol U4 Pin 3 [GND, Power input, Line]
[pin_not_connected]: Pin not connected
    ; error
    @(158.75 mm, 137.16 mm): Symbol U4 Pin 4 [Output, Inverted]
[pin_not_connected]: Pin not connected
    ; error
    @(200.66 mm, 134.62 mm): Symbol U5 Pin 1 [1A, Input, Line]
[pin_not_driven]: Input pin not driven by any Output pins
    ; error
    @(200.66 mm, 134.62 mm): Symbol U5 Pin 1 [1A, Input, Line]
[pin_not_connected]: Pin not connected
    ; error
    @(200.66 mm, 139.70 mm): Symbol U5 Pin 3 [2A, Input, Line]
[pin_not_driven]: Input pin not driven by any Output pins
    ; error
    @(200.66 mm, 139.70 mm): Symbol U5 Pin 3 [2A, Input, Line]
[pin_not_connected]: Pin not connected
    ; error
    @(210.82 mm, 127.00 mm): Symbol U5 Pin 5 [V_{CC}, Power input, Line]
[power_pin_not_driven]: Input Power pin not driven by any Output Power pins
    ; error
    @(210.82 mm, 127.00 mm): Symbol U5 Pin 5 [V_{CC}, Power input, Line]
[pin_not_connected]: Pin not connected
    ; error
    @(210.82 mm, 147.32 mm): Symbol U5 Pin 2 [GND, Power input, Line]
[power_pin_not_driven]: Input Power pin not driven by any Output Power pins
    ; error
    @(210.82 mm, 147.32 mm): Symbol U5 Pin 2 [GND, Power input, Line]
[pin_not_connected]: Pin not connected
    ; error
    @(220.98 mm, 134.62 mm): Symbol U5 Pin 6 [1Y, Output, Line]
[pin_not_connected]: Pin not connected
    ; error
    @(220.98 mm, 139.70 mm): Symbol U5 Pin 4 [2Y, Output, Line]
[pin_not_connected]: Pin not connected
    ; error
    @(339.09 mm, -3.81 mm): Symbol U1 Pin 3 [+, Input, Line]
[pin_not_driven]: Input pin not driven by any Output pins
    ; error
    @(339.09 mm, -3.81 mm): Symbol U1 Pin 3 [+, Input, Line]
[pin_not_connected]: Pin not connected
    ; error
    @(339.09 mm, 1.27 mm): Symbol U1 Pin 2 [-, Input, Line]
[pin_not_driven]: Input pin not driven by any Output pins
    ; error
    @(339.09 mm, 1.27 mm): Symbol U1 Pin 2 [-, Input, Line]
[pin_not_connected]: Pin not connected
    ; error
    @(339.09 mm, 15.24 mm): Symbol U1 Pin 5 [+, Input, Line]
[pin_not_driven]: Input pin not driven by any Output pins
    ; error
    @(339.09 mm, 15.24 mm): Symbol U1 Pin 5 [+, Input, Line]
[pin_not_connected]: Pin not connected
    ; error
    @(339.09 mm, 20.32 mm): Symbol U1 Pin 6 [-, Input, Line]
[pin_not_driven]: Input pin not driven by any Output pins
    ; error
    @(339.09 mm, 20.32 mm): Symbol U1 Pin 6 [-, Input, Line]
[pin_not_connected]: Pin not connected
    ; error
    @(354.33 mm, -1.27 mm): Symbol U1 Pin 1 [Output, Line]
[pin_not_connected]: Pin not connected
    ; error
    @(354.33 mm, 17.78 mm): Symbol U1 Pin 7 [Output, Line]
[pin_not_connected]: Pin not connected
    ; error
    @(369.57 mm, 1.27 mm): Symbol U1 Pin 8 [V+, Power input, Line]
[power_pin_not_driven]: Input Power pin not driven by any Output Power pins
    ; error
    @(369.57 mm, 1.27 mm): Symbol U1 Pin 8 [V+, Power input, Line]
[pin_not_connected]: Pin not connected
    ; error
    @(369.57 mm, 16.51 mm): Symbol U1 Pin 4 [V-, Power input, Line]
[power_pin_not_driven]: Input Power pin not driven by any Output Power pins
    ; error
    @(369.57 mm, 16.51 mm): Symbol U1 Pin 4 [V-, Power input, Line]
[pin_not_connected]: Pin not connected
    ; error
    @(400.05 mm, -5.08 mm): Symbol U3 Pin 3 [+, Input, Line]
[pin_not_driven]: Input pin not driven by any Output pins
    ; error
    @(400.05 mm, -5.08 mm): Symbol U3 Pin 3 [+, Input, Line]
[pin_not_connected]: Pin not connected
    ; error
    @(400.05 mm, 0.00 mm): Symbol U3 Pin 2 [-, Input, Line]
[pin_not_driven]: Input pin not driven by any Output pins
    ; error
    @(400.05 mm, 0.00 mm): Symbol U3 Pin 2 [-, Input, Line]
[pin_not_connected]: Pin not connected
    ; error
    @(400.05 mm, 13.97 mm): Symbol U3 Pin 5 [+, Input, Line]
[pin_not_driven]: Input pin not driven by any Output pins
    ; error
    @(400.05 mm, 13.97 mm): Symbol U3 Pin 5 [+, Input, Line]
[pin_not_connected]: Pin not connected
    ; error
    @(400.05 mm, 19.05 mm): Symbol U3 Pin 6 [-, Input, Line]
[pin_not_driven]: Input pin not driven by any Output pins
    ; error
    @(400.05 mm, 19.05 mm): Symbol U3 Pin 6 [-, Input, Line]
[pin_not_connected]: Pin not connected
    ; error
    @(415.29 mm, -2.54 mm): Symbol U3 Pin 1 [Output, Line]
[pin_not_connected]: Pin not connected
    ; error
    @(415.29 mm, 16.51 mm): Symbol U3 Pin 7 [Output, Line]
[pin_not_connected]: Pin not connected
    ; error
    @(430.53 mm, 0.00 mm): Symbol U3 Pin 8 [V+, Power input, Line]
[power_pin_not_driven]: Input Power pin not driven by any Output Power pins
    ; error
    @(430.53 mm, 0.00 mm): Symbol U3 Pin 8 [V+, Power input, Line]
[pin_not_connected]: Pin not connected
    ; error
    @(430.53 mm, 15.24 mm): Symbol U3 Pin 4 [V-, Power input, Line]
[power_pin_not_driven]: Input Power pin not driven by any Output Power pins
    ; error
    @(430.53 mm, 15.24 mm): Symbol U3 Pin 4 [V-, Power input, Line]
[isolated_pin_label]: Label connected to only one pin
    ; warning
    @(27.94 mm, 66.04 mm): Label 'HI_A'
[isolated_pin_label]: Label connected to only one pin
    ; warning
    @(27.94 mm, 71.12 mm): Label 'LI_A'
[isolated_pin_label]: Label connected to only one pin
    ; warning
    @(27.94 mm, 76.20 mm): Label 'EN_A'
[isolated_pin_label]: Label connected to only one pin
    ; warning
    @(228.60 mm, 66.04 mm): Label 'HI_B'
[isolated_pin_label]: Label connected to only one pin
    ; warning
    @(228.60 mm, 71.12 mm): Label 'LI_B'
[isolated_pin_label]: Label connected to only one pin
    ; warning
    @(228.60 mm, 76.20 mm): Label 'EN_B'

***** Sheet /Power output stage/
[pin_not_driven]: Input pin not driven by any Output pins
    ; error
    @(38.10 mm, 66.04 mm): Symbol U2 Pin 7 [HI, Input, Line]
[pin_not_driven]: Input pin not driven by any Output pins
    ; error
    @(38.10 mm, 71.12 mm): Symbol U2 Pin 8 [LI, Input, Line]
[pin_not_driven]: Input pin not driven by any Output pins
    ; error
    @(38.10 mm, 76.20 mm): Symbol U2 Pin 6 [EN, Input, Line]
[power_pin_not_driven]: Input Power pin not driven by any Output Power pins
    ; error
    @(50.80 mm, 55.88 mm): Symbol U2 Pin 1 [VDD, Power input, Line]
[power_pin_not_driven]: Input Power pin not driven by any Output Power pins
    ; error
    @(50.80 mm, 86.36 mm): Symbol U2 Pin 9 [VSS, Power input, Line]
[power_pin_not_driven]: Input Power pin not driven by any Output Power pins
    ; error
    @(63.50 mm, 60.96 mm): Symbol U2 Pin 3 [HB, Power input, Line]
[pin_not_driven]: Input pin not driven by any Output pins
    ; error
    @(238.76 mm, 66.04 mm): Symbol U6 Pin 7 [HI, Input, Line]
[pin_not_driven]: Input pin not driven by any Output pins
    ; error
    @(238.76 mm, 71.12 mm): Symbol U6 Pin 8 [LI, Input, Line]
[pin_not_driven]: Input pin not driven by any Output pins
    ; error
    @(238.76 mm, 76.20 mm): Symbol U6 Pin 6 [EN, Input, Line]
[power_pin_not_driven]: Input Power pin not driven by any Output Power pins
    ; error
    @(264.16 mm, 60.96 mm): Symbol U6 Pin 3 [HB, Power input, Line]

 ** ERC messages: 69  Errors 63  Warnings 6

 ** Ignored checks:
    - Global label only appears once in the schematic
    - Four connection points are joined together
    - SPICE model issue
    - Assigned footprint doesn't match footprint filters
