08-12 20:12:51 com_github_MitjaNemec_ReplicateLayout.action_replicate_layout 409:Plugin executed on: 'darwin'
08-12 20:12:51 com_github_MitjaNemec_ReplicateLayout.action_replicate_layout 410:Plugin executed with python version: '3.9.13 (v3.9.13:6de2ca5339, May 17 2022, 11:37:23) \n[Clang 13.0.0 (clang-1300.0.29.30)]'
08-12 20:12:51 com_github_MitjaNemec_ReplicateLayout.action_replicate_layout 411:KiCad build version: 9.0.0
08-12 20:12:51 com_github_MitjaNemec_ReplicateLayout.action_replicate_layout 412:Plugin version: 4.0.3
08-12 20:12:51 com_github_MitjaNemec_ReplicateLayout.action_replicate_layout 413:Frame repr: <wx._core.Frame object at 0x12ad1f430>
08-12 20:12:51 com_github_MitjaNemec_ReplicateLayout.action_replicate_layout 437:Preparing replicator with 100uF1 as a reference
08-12 20:12:51 com_github_MitjaNemec_ReplicateLayout.replicate_layout 117:getting a list of all footprints on board
08-12 20:12:51 com_github_MitjaNemec_ReplicateLayout.action_replicate_layout 485:source anchor footprint is '100uF1'
Located on: ['/CH1/']
With filenames: ['Buck.kicad_sch']
With sheet_id:['/CH1/']
08-12 20:12:51 com_github_MitjaNemec_ReplicateLayout.action_replicate_layout 492:Corresponding footprints are 
[('100uF4', ['/CH4/']), ('100uF3', ['/CH3/']), ('100uF2', ['/CH2/']), ('100uF1', ['/CH1/'])]
08-12 20:12:51 com_github_MitjaNemec_ReplicateLayout.action_replicate_layout 504:Showing dialog
08-12 20:12:51 com_github_MitjaNemec_ReplicateLayout.replicate_layout 472:constructing a list of sheets suitable for replication on level:'/CH1/', file:'Buck.kicad_sch'
08-12 20:12:51 com_github_MitjaNemec_ReplicateLayout.replicate_layout 509:suitable sheets are:[['/CH2/'], ['/CH3/'], ['/CH4/']]
08-12 20:12:51 com_github_MitjaNemec_ReplicateLayout.replicate_layout 1512:Level selected: ['/CH1/']
08-12 20:12:51 com_github_MitjaNemec_ReplicateLayout.replicate_layout 1336:Filtering list of tracks
08-12 20:12:51 com_github_MitjaNemec_ReplicateLayout.action_replicate_layout 510:Toolbar position: wx.Point(1466, 135)
08-12 20:12:51 com_github_MitjaNemec_ReplicateLayout.action_replicate_layout 515:Dialog position: wx.Point(1027, 135)
08-12 20:12:53 com_github_MitjaNemec_ReplicateLayout.replicate_layout 472:constructing a list of sheets suitable for replication on level:'/CH1/', file:'Buck.kicad_sch'
08-12 20:12:53 com_github_MitjaNemec_ReplicateLayout.replicate_layout 509:suitable sheets are:[['/CH2/'], ['/CH3/'], ['/CH4/']]
08-12 20:12:53 com_github_MitjaNemec_ReplicateLayout.action_replicate_layout 248:Replicating layout
08-12 20:12:53 com_github_MitjaNemec_ReplicateLayout.replicate_layout 288:Starting replication of sheets: [['/CH2/'], ['/CH3/'], ['/CH4/']]
on level: ['/CH1/']
with tracks=True, zone=True, text=True, text=True, intersecting=False, remove=False, locked footprints=False, group_only=False
08-12 20:12:53 root 340:updating GUI message: 'Preparing for replication'
08-12 20:12:53 root 345:updating GUI with: 0
08-12 20:12:53 com_github_MitjaNemec_ReplicateLayout.replicate_layout 358:Getting the list of source footprints
08-12 20:12:53 root 345:updating GUI with: 0
08-12 20:12:53 com_github_MitjaNemec_ReplicateLayout.replicate_layout 368:Getting the list of all the remaining footprints
08-12 20:12:53 com_github_MitjaNemec_ReplicateLayout.replicate_layout 375:Getting source tracks
08-12 20:12:53 com_github_MitjaNemec_ReplicateLayout.replicate_layout 1336:Filtering list of tracks
08-12 20:12:53 com_github_MitjaNemec_ReplicateLayout.replicate_layout 379:Getting source zones
08-12 20:12:53 com_github_MitjaNemec_ReplicateLayout.replicate_layout 383:Getting source text items
08-12 20:12:53 com_github_MitjaNemec_ReplicateLayout.replicate_layout 387:Getting source drawing items
08-12 20:12:53 root 340:updating GUI message: 'Replicating footprints'
08-12 20:12:53 com_github_MitjaNemec_ReplicateLayout.replicate_layout 863:Replicating footprints
08-12 20:12:53 com_github_MitjaNemec_ReplicateLayout.replicate_layout 870:Replicating footprints on sheet ['/CH2/']
08-12 20:12:53 com_github_MitjaNemec_ReplicateLayout.replicate_layout 835:Src fp.id: 'E33E9E47-578D-43D2-80D9-EADD6230C146'
08-12 20:12:53 com_github_MitjaNemec_ReplicateLayout.replicate_layout 839:Dst fp.id: 'E33E9E47-578D-43D2-80D9-EADD6230C146'
08-12 20:12:53 com_github_MitjaNemec_ReplicateLayout.replicate_layout 888:Replicating footprint: 'LM2596-ADJ1'
08-12 20:12:53 com_github_MitjaNemec_ReplicateLayout.replicate_layout 835:Src fp.id: 'CF93D49B-ACA8-4F59-B1E2-BA1A7E32C8D8'
08-12 20:12:53 com_github_MitjaNemec_ReplicateLayout.replicate_layout 839:Dst fp.id: 'CF93D49B-ACA8-4F59-B1E2-BA1A7E32C8D8'
08-12 20:12:53 com_github_MitjaNemec_ReplicateLayout.replicate_layout 895:found match in dst footprint: 'LM2596-ADJ2'
08-12 20:12:53 com_github_MitjaNemec_ReplicateLayout.replicate_layout 990:Src text UUid:fd67ff5c-3149-470f-9994-a1a184dd3cc3
08-12 20:12:53 com_github_MitjaNemec_ReplicateLayout.replicate_layout 991:Dst text UUid:6b236473-0c7f-454c-97c5-ee0c888d04f3
08-12 20:12:53 com_github_MitjaNemec_ReplicateLayout.replicate_layout 990:Src text UUid:8708650a-0b23-4a63-b86c-d3b4e45eb8aa
08-12 20:12:53 com_github_MitjaNemec_ReplicateLayout.replicate_layout 991:Dst text UUid:1b876cb3-eb16-423d-ba57-ddb0d288c1da
08-12 20:12:53 com_github_MitjaNemec_ReplicateLayout.replicate_layout 990:Src text UUid:5f4ef377-950d-438a-8f1c-959100f87f39
08-12 20:12:53 com_github_MitjaNemec_ReplicateLayout.replicate_layout 991:Dst text UUid:f11f4ed5-2e77-4584-8214-68ec090dd92e
08-12 20:12:53 com_github_MitjaNemec_ReplicateLayout.replicate_layout 888:Replicating footprint: 'C5'
08-12 20:12:53 com_github_MitjaNemec_ReplicateLayout.replicate_layout 835:Src fp.id: '546B37D8-9F3A-4B56-8E63-89922A70CF81'
08-12 20:12:53 com_github_MitjaNemec_ReplicateLayout.replicate_layout 839:Dst fp.id: '546B37D8-9F3A-4B56-8E63-89922A70CF81'
08-12 20:12:53 com_github_MitjaNemec_ReplicateLayout.replicate_layout 895:found match in dst footprint: 'C6'
08-12 20:12:53 com_github_MitjaNemec_ReplicateLayout.replicate_layout 990:Src text UUid:63cb9018-d450-4ceb-bc41-ab69ebd596e4
08-12 20:12:53 com_github_MitjaNemec_ReplicateLayout.replicate_layout 991:Dst text UUid:8e51e8ce-e30a-499c-bc96-26c89fa99ed3
08-12 20:12:53 com_github_MitjaNemec_ReplicateLayout.replicate_layout 990:Src text UUid:29d0d9e3-c363-44db-8336-4cdd8bd088a4
08-12 20:12:53 com_github_MitjaNemec_ReplicateLayout.replicate_layout 991:Dst text UUid:af9a65b6-7ddf-487c-9ff7-eef8f71596f1
08-12 20:12:53 com_github_MitjaNemec_ReplicateLayout.replicate_layout 990:Src text UUid:dfc948e8-888f-4855-9f2d-8f879251056b
08-12 20:12:53 com_github_MitjaNemec_ReplicateLayout.replicate_layout 991:Dst text UUid:12a75f27-f2c7-4c13-a953-eb4c6412b4b1
08-12 20:12:53 com_github_MitjaNemec_ReplicateLayout.replicate_layout 888:Replicating footprint: '220uF1'
08-12 20:12:53 com_github_MitjaNemec_ReplicateLayout.replicate_layout 835:Src fp.id: 'F72EAC14-0D40-4FA6-BFA9-CE38271E7D69'
08-12 20:12:53 com_github_MitjaNemec_ReplicateLayout.replicate_layout 839:Dst fp.id: 'F72EAC14-0D40-4FA6-BFA9-CE38271E7D69'
08-12 20:12:53 com_github_MitjaNemec_ReplicateLayout.replicate_layout 895:found match in dst footprint: '220uF2'
08-12 20:12:53 com_github_MitjaNemec_ReplicateLayout.replicate_layout 990:Src text UUid:49a3fc1e-e76f-415a-bf08-bbb1ec7b3447
08-12 20:12:53 com_github_MitjaNemec_ReplicateLayout.replicate_layout 991:Dst text UUid:03b3b5b3-2fce-4306-809e-71dcd960a6c2
08-12 20:12:53 com_github_MitjaNemec_ReplicateLayout.replicate_layout 990:Src text UUid:499ff1ca-d8fb-483b-8ac1-4ea724bc93f1
08-12 20:12:53 com_github_MitjaNemec_ReplicateLayout.replicate_layout 991:Dst text UUid:78403aa7-6c77-4e13-b4c6-153103c40b74
08-12 20:12:53 com_github_MitjaNemec_ReplicateLayout.replicate_layout 990:Src text UUid:0e672003-f772-43ef-a9e7-26ee69de030a
08-12 20:12:53 com_github_MitjaNemec_ReplicateLayout.replicate_layout 991:Dst text UUid:6c704ba1-0928-4d10-beb4-e14cfca8006c
08-12 20:12:53 com_github_MitjaNemec_ReplicateLayout.replicate_layout 888:Replicating footprint: '100uH1'
08-12 20:12:53 com_github_MitjaNemec_ReplicateLayout.replicate_layout 835:Src fp.id: 'FE996B3D-F528-459A-A0E9-98BE30404B35'
08-12 20:12:53 com_github_MitjaNemec_ReplicateLayout.replicate_layout 839:Dst fp.id: 'FE996B3D-F528-459A-A0E9-98BE30404B35'
08-12 20:12:53 com_github_MitjaNemec_ReplicateLayout.replicate_layout 895:found match in dst footprint: '100uH2'
08-12 20:12:53 com_github_MitjaNemec_ReplicateLayout.replicate_layout 990:Src text UUid:efa4b9ff-ccb6-4d1a-8ff5-e9ac44dc324d
08-12 20:12:53 com_github_MitjaNemec_ReplicateLayout.replicate_layout 991:Dst text UUid:8466f2d5-b277-4dbf-af95-93fe3826bde5
08-12 20:12:53 com_github_MitjaNemec_ReplicateLayout.replicate_layout 990:Src text UUid:b173ccad-3b30-4840-9932-542f841884b2
08-12 20:12:53 com_github_MitjaNemec_ReplicateLayout.replicate_layout 991:Dst text UUid:fe54fb84-fe73-4338-b00f-48844ddb9e61
08-12 20:12:53 com_github_MitjaNemec_ReplicateLayout.replicate_layout 990:Src text UUid:6ed59cef-a274-42d1-903e-b876a96d7239
08-12 20:12:53 com_github_MitjaNemec_ReplicateLayout.replicate_layout 991:Dst text UUid:fc1ff297-41b7-480f-8172-672f0bbf1fe0
08-12 20:12:53 com_github_MitjaNemec_ReplicateLayout.replicate_layout 888:Replicating footprint: '100uF1'
08-12 20:12:53 com_github_MitjaNemec_ReplicateLayout.replicate_layout 835:Src fp.id: 'E33E9E47-578D-43D2-80D9-EADD6230C146'
08-12 20:12:53 com_github_MitjaNemec_ReplicateLayout.replicate_layout 839:Dst fp.id: 'E33E9E47-578D-43D2-80D9-EADD6230C146'
08-12 20:12:53 com_github_MitjaNemec_ReplicateLayout.replicate_layout 895:found match in dst footprint: '100uF2'
08-12 20:12:53 com_github_MitjaNemec_ReplicateLayout.replicate_layout 990:Src text UUid:7fc7230b-5c0b-4d7a-a341-58b7d3f21c40
08-12 20:12:53 com_github_MitjaNemec_ReplicateLayout.replicate_layout 991:Dst text UUid:38e4411f-00bb-45f5-96c0-fc35bbdca9aa
08-12 20:12:53 com_github_MitjaNemec_ReplicateLayout.replicate_layout 990:Src text UUid:468799ed-e9a8-4ac6-9bcb-094d550a0633
08-12 20:12:53 com_github_MitjaNemec_ReplicateLayout.replicate_layout 991:Dst text UUid:e0e209a4-b47f-48ba-b99e-2e7e6bac201d
08-12 20:12:53 com_github_MitjaNemec_ReplicateLayout.replicate_layout 990:Src text UUid:09c139e5-8773-485e-9445-068d56988507
08-12 20:12:53 com_github_MitjaNemec_ReplicateLayout.replicate_layout 991:Dst text UUid:6a6502a0-c570-439c-b85a-b81525893c31
08-12 20:12:53 com_github_MitjaNemec_ReplicateLayout.replicate_layout 888:Replicating footprint: '5K1'
08-12 20:12:53 root 345:updating GUI with: 22
08-12 20:12:53 com_github_MitjaNemec_ReplicateLayout.replicate_layout 835:Src fp.id: '88F13B5B-7E56-4502-9734-1F75168744DB'
08-12 20:12:53 com_github_MitjaNemec_ReplicateLayout.replicate_layout 839:Dst fp.id: '88F13B5B-7E56-4502-9734-1F75168744DB'
08-12 20:12:53 com_github_MitjaNemec_ReplicateLayout.replicate_layout 895:found match in dst footprint: '5K2'
08-12 20:12:53 com_github_MitjaNemec_ReplicateLayout.replicate_layout 990:Src text UUid:005471a5-7c52-4d37-89bd-51afb5e0b6eb
08-12 20:12:53 com_github_MitjaNemec_ReplicateLayout.replicate_layout 991:Dst text UUid:af275857-55ee-4dd3-b8ef-c82f1f4b57c1
08-12 20:12:53 com_github_MitjaNemec_ReplicateLayout.replicate_layout 990:Src text UUid:6adbd221-bbce-480c-96f4-c5743a9a7b62
08-12 20:12:53 com_github_MitjaNemec_ReplicateLayout.replicate_layout 991:Dst text UUid:ad37e7b8-07e8-468f-aadc-f93a1425f605
08-12 20:12:53 com_github_MitjaNemec_ReplicateLayout.replicate_layout 990:Src text UUid:a782ed6d-7196-42d9-8964-92ff010dbd43
08-12 20:12:53 com_github_MitjaNemec_ReplicateLayout.replicate_layout 991:Dst text UUid:27b6ea90-d9a6-476f-96ae-8b89c114cdab
08-12 20:12:53 com_github_MitjaNemec_ReplicateLayout.replicate_layout 888:Replicating footprint: '1N5822'
08-12 20:12:53 com_github_MitjaNemec_ReplicateLayout.replicate_layout 835:Src fp.id: 'F23A8636-297D-4AFC-87E7-E2C9AA499D02'
08-12 20:12:53 com_github_MitjaNemec_ReplicateLayout.replicate_layout 839:Dst fp.id: 'F23A8636-297D-4AFC-87E7-E2C9AA499D02'
08-12 20:12:53 com_github_MitjaNemec_ReplicateLayout.replicate_layout 895:found match in dst footprint: '1N5823'
08-12 20:12:53 com_github_MitjaNemec_ReplicateLayout.replicate_layout 990:Src text UUid:4861a9bf-18e2-499d-a813-f64dd997bdc0
08-12 20:12:53 com_github_MitjaNemec_ReplicateLayout.replicate_layout 991:Dst text UUid:762ae4d2-5778-4e27-a4d2-d41d1aa19c7b
08-12 20:12:53 com_github_MitjaNemec_ReplicateLayout.replicate_layout 990:Src text UUid:bdd11c8a-6593-44f0-8a32-76668a0b6d1d
08-12 20:12:53 com_github_MitjaNemec_ReplicateLayout.replicate_layout 991:Dst text UUid:498c0f99-0a92-44fe-a7bc-12287fcafa61
08-12 20:12:53 com_github_MitjaNemec_ReplicateLayout.replicate_layout 990:Src text UUid:a7193ab7-ce44-491e-8640-cd5f6526d4f6
08-12 20:12:53 com_github_MitjaNemec_ReplicateLayout.replicate_layout 991:Dst text UUid:fc744e76-69f4-4695-9d2a-df7e53f0563b
08-12 20:12:53 com_github_MitjaNemec_ReplicateLayout.replicate_layout 990:Src text UUid:a1a4461e-332f-4160-b4c4-090e9f0dece8
08-12 20:12:53 com_github_MitjaNemec_ReplicateLayout.replicate_layout 991:Dst text UUid:0a871bfb-51ca-4760-96fb-ff0b27d2c67c
08-12 20:12:53 com_github_MitjaNemec_ReplicateLayout.replicate_layout 990:Src text UUid:4292f430-4cff-42bb-a0a1-135d522200ab
08-12 20:12:53 com_github_MitjaNemec_ReplicateLayout.replicate_layout 991:Dst text UUid:fc744e76-69f4-4695-9d2a-df7e53f0563b
08-12 20:12:53 com_github_MitjaNemec_ReplicateLayout.replicate_layout 888:Replicating footprint: '1K1'
08-12 20:12:53 com_github_MitjaNemec_ReplicateLayout.replicate_layout 835:Src fp.id: '8658204F-57CF-4D6C-A658-119F2C6B01A8'
08-12 20:12:53 com_github_MitjaNemec_ReplicateLayout.replicate_layout 839:Dst fp.id: '8658204F-57CF-4D6C-A658-119F2C6B01A8'
08-12 20:12:53 com_github_MitjaNemec_ReplicateLayout.replicate_layout 895:found match in dst footprint: '1K2'
08-12 20:12:53 com_github_MitjaNemec_ReplicateLayout.replicate_layout 990:Src text UUid:fa3366b9-e8ab-47b9-b5c5-79aa9e5da64a
08-12 20:12:53 com_github_MitjaNemec_ReplicateLayout.replicate_layout 991:Dst text UUid:706a3ffd-563b-42a0-996e-2b7e55445ff8
08-12 20:12:53 com_github_MitjaNemec_ReplicateLayout.replicate_layout 990:Src text UUid:eec12255-2ed0-4313-8566-17cd0b14ba9b
08-12 20:12:53 com_github_MitjaNemec_ReplicateLayout.replicate_layout 991:Dst text UUid:a843aaa3-baef-4fea-b5b4-40a3fcf62615
08-12 20:12:53 com_github_MitjaNemec_ReplicateLayout.replicate_layout 990:Src text UUid:691c5bfa-7865-48a8-a11b-c3f532f85be7
08-12 20:12:53 com_github_MitjaNemec_ReplicateLayout.replicate_layout 991:Dst text UUid:95932a6d-6a5e-46fb-a9ef-96f8af6d90e9
08-12 20:12:53 com_github_MitjaNemec_ReplicateLayout.replicate_layout 888:Replicating footprint: '-   +3'
08-12 20:12:53 com_github_MitjaNemec_ReplicateLayout.replicate_layout 835:Src fp.id: 'BF7E736E-3DD2-4EE3-97F9-7FC8F2A8CF26'
08-12 20:12:53 com_github_MitjaNemec_ReplicateLayout.replicate_layout 839:Dst fp.id: 'BF7E736E-3DD2-4EE3-97F9-7FC8F2A8CF26'
08-12 20:12:53 com_github_MitjaNemec_ReplicateLayout.replicate_layout 895:found match in dst footprint: '-   +4'
08-12 20:12:53 com_github_MitjaNemec_ReplicateLayout.replicate_layout 990:Src text UUid:8553d426-e818-42f2-bd87-4c8912cfc9a6
08-12 20:12:53 com_github_MitjaNemec_ReplicateLayout.replicate_layout 991:Dst text UUid:9769dd65-6988-4ec7-8ebc-f7a12f784cc6
08-12 20:12:53 com_github_MitjaNemec_ReplicateLayout.replicate_layout 990:Src text UUid:4fd8c88f-6578-4452-83ff-a37ac98a19b4
08-12 20:12:53 com_github_MitjaNemec_ReplicateLayout.replicate_layout 991:Dst text UUid:ba5d49bc-5af3-4095-9d75-5d59f097363d
08-12 20:12:53 com_github_MitjaNemec_ReplicateLayout.replicate_layout 990:Src text UUid:c65e744d-b621-4306-82e9-46bdb32a5ede
08-12 20:12:53 com_github_MitjaNemec_ReplicateLayout.replicate_layout 991:Dst text UUid:cc966909-6ac3-440f-aaed-c040548dc8eb
08-12 20:12:53 com_github_MitjaNemec_ReplicateLayout.replicate_layout 870:Replicating footprints on sheet ['/CH3/']
08-12 20:12:53 com_github_MitjaNemec_ReplicateLayout.replicate_layout 835:Src fp.id: 'E33E9E47-578D-43D2-80D9-EADD6230C146'
08-12 20:12:53 com_github_MitjaNemec_ReplicateLayout.replicate_layout 839:Dst fp.id: 'E33E9E47-578D-43D2-80D9-EADD6230C146'
08-12 20:12:53 com_github_MitjaNemec_ReplicateLayout.replicate_layout 888:Replicating footprint: 'LM2596-ADJ1'
08-12 20:12:53 com_github_MitjaNemec_ReplicateLayout.replicate_layout 835:Src fp.id: 'CF93D49B-ACA8-4F59-B1E2-BA1A7E32C8D8'
08-12 20:12:53 com_github_MitjaNemec_ReplicateLayout.replicate_layout 839:Dst fp.id: 'CF93D49B-ACA8-4F59-B1E2-BA1A7E32C8D8'
08-12 20:12:53 com_github_MitjaNemec_ReplicateLayout.replicate_layout 895:found match in dst footprint: 'LM2596-ADJ3'
08-12 20:12:53 com_github_MitjaNemec_ReplicateLayout.replicate_layout 990:Src text UUid:fd67ff5c-3149-470f-9994-a1a184dd3cc3
08-12 20:12:53 com_github_MitjaNemec_ReplicateLayout.replicate_layout 991:Dst text UUid:88d90179-e0bc-4cc7-80f4-441b582dd712
08-12 20:12:53 com_github_MitjaNemec_ReplicateLayout.replicate_layout 990:Src text UUid:8708650a-0b23-4a63-b86c-d3b4e45eb8aa
08-12 20:12:53 com_github_MitjaNemec_ReplicateLayout.replicate_layout 991:Dst text UUid:f5d79beb-3333-4e70-b57a-b32a11bdcee5
08-12 20:12:53 com_github_MitjaNemec_ReplicateLayout.replicate_layout 990:Src text UUid:5f4ef377-950d-438a-8f1c-959100f87f39
08-12 20:12:53 com_github_MitjaNemec_ReplicateLayout.replicate_layout 991:Dst text UUid:6e2298c6-6d1c-445d-b438-65595e234871
08-12 20:12:53 com_github_MitjaNemec_ReplicateLayout.replicate_layout 888:Replicating footprint: 'C5'
08-12 20:12:53 com_github_MitjaNemec_ReplicateLayout.replicate_layout 835:Src fp.id: '546B37D8-9F3A-4B56-8E63-89922A70CF81'
08-12 20:12:53 com_github_MitjaNemec_ReplicateLayout.replicate_layout 839:Dst fp.id: '546B37D8-9F3A-4B56-8E63-89922A70CF81'
08-12 20:12:53 com_github_MitjaNemec_ReplicateLayout.replicate_layout 895:found match in dst footprint: 'C7'
08-12 20:12:53 com_github_MitjaNemec_ReplicateLayout.replicate_layout 990:Src text UUid:63cb9018-d450-4ceb-bc41-ab69ebd596e4
08-12 20:12:53 com_github_MitjaNemec_ReplicateLayout.replicate_layout 991:Dst text UUid:2707feb3-cf16-4731-b744-72a0fcee4d1b
08-12 20:12:53 com_github_MitjaNemec_ReplicateLayout.replicate_layout 990:Src text UUid:29d0d9e3-c363-44db-8336-4cdd8bd088a4
08-12 20:12:53 com_github_MitjaNemec_ReplicateLayout.replicate_layout 991:Dst text UUid:3625e9b6-e9f9-4c68-91c0-ed54cbcdc7b3
08-12 20:12:53 com_github_MitjaNemec_ReplicateLayout.replicate_layout 990:Src text UUid:dfc948e8-888f-4855-9f2d-8f879251056b
08-12 20:12:53 com_github_MitjaNemec_ReplicateLayout.replicate_layout 991:Dst text UUid:26de9f09-e2a0-4e45-af90-c6308ac07754
08-12 20:12:53 com_github_MitjaNemec_ReplicateLayout.replicate_layout 888:Replicating footprint: '220uF1'
08-12 20:12:53 com_github_MitjaNemec_ReplicateLayout.replicate_layout 835:Src fp.id: 'F72EAC14-0D40-4FA6-BFA9-CE38271E7D69'
08-12 20:12:53 com_github_MitjaNemec_ReplicateLayout.replicate_layout 839:Dst fp.id: 'F72EAC14-0D40-4FA6-BFA9-CE38271E7D69'
08-12 20:12:53 com_github_MitjaNemec_ReplicateLayout.replicate_layout 895:found match in dst footprint: '220uF3'
08-12 20:12:53 com_github_MitjaNemec_ReplicateLayout.replicate_layout 990:Src text UUid:49a3fc1e-e76f-415a-bf08-bbb1ec7b3447
08-12 20:12:53 com_github_MitjaNemec_ReplicateLayout.replicate_layout 991:Dst text UUid:37c049b5-2b67-48cd-b7b1-13f178d775f0
08-12 20:12:53 com_github_MitjaNemec_ReplicateLayout.replicate_layout 990:Src text UUid:499ff1ca-d8fb-483b-8ac1-4ea724bc93f1
08-12 20:12:53 com_github_MitjaNemec_ReplicateLayout.replicate_layout 991:Dst text UUid:4e5aa71d-8f21-4240-93e8-a6aa0f555b38
08-12 20:12:53 com_github_MitjaNemec_ReplicateLayout.replicate_layout 990:Src text UUid:0e672003-f772-43ef-a9e7-26ee69de030a
08-12 20:12:53 com_github_MitjaNemec_ReplicateLayout.replicate_layout 991:Dst text UUid:bee654ab-0c26-4e9b-bed7-c4dfc9f990c3
08-12 20:12:53 com_github_MitjaNemec_ReplicateLayout.replicate_layout 888:Replicating footprint: '100uH1'
08-12 20:12:53 com_github_MitjaNemec_ReplicateLayout.replicate_layout 835:Src fp.id: 'FE996B3D-F528-459A-A0E9-98BE30404B35'
08-12 20:12:53 com_github_MitjaNemec_ReplicateLayout.replicate_layout 839:Dst fp.id: 'FE996B3D-F528-459A-A0E9-98BE30404B35'
08-12 20:12:53 com_github_MitjaNemec_ReplicateLayout.replicate_layout 895:found match in dst footprint: '100uH3'
08-12 20:12:53 com_github_MitjaNemec_ReplicateLayout.replicate_layout 990:Src text UUid:efa4b9ff-ccb6-4d1a-8ff5-e9ac44dc324d
08-12 20:12:53 com_github_MitjaNemec_ReplicateLayout.replicate_layout 991:Dst text UUid:3723e5dd-40ce-4734-a9ef-bb4f1bed08f6
08-12 20:12:53 com_github_MitjaNemec_ReplicateLayout.replicate_layout 990:Src text UUid:b173ccad-3b30-4840-9932-542f841884b2
08-12 20:12:53 com_github_MitjaNemec_ReplicateLayout.replicate_layout 991:Dst text UUid:00090fb5-e84f-4b98-b196-db6707bb9fbc
08-12 20:12:53 com_github_MitjaNemec_ReplicateLayout.replicate_layout 990:Src text UUid:6ed59cef-a274-42d1-903e-b876a96d7239
08-12 20:12:53 com_github_MitjaNemec_ReplicateLayout.replicate_layout 991:Dst text UUid:f5e91db3-bc27-4c44-abe9-ce2b28a6ad19
08-12 20:12:53 com_github_MitjaNemec_ReplicateLayout.replicate_layout 888:Replicating footprint: '100uF1'
08-12 20:12:53 com_github_MitjaNemec_ReplicateLayout.replicate_layout 835:Src fp.id: 'E33E9E47-578D-43D2-80D9-EADD6230C146'
08-12 20:12:53 com_github_MitjaNemec_ReplicateLayout.replicate_layout 839:Dst fp.id: 'E33E9E47-578D-43D2-80D9-EADD6230C146'
08-12 20:12:53 com_github_MitjaNemec_ReplicateLayout.replicate_layout 895:found match in dst footprint: '100uF3'
08-12 20:12:53 com_github_MitjaNemec_ReplicateLayout.replicate_layout 990:Src text UUid:7fc7230b-5c0b-4d7a-a341-58b7d3f21c40
08-12 20:12:53 com_github_MitjaNemec_ReplicateLayout.replicate_layout 991:Dst text UUid:9c6bada0-5c4b-43df-bc00-a644439022d4
08-12 20:12:53 com_github_MitjaNemec_ReplicateLayout.replicate_layout 990:Src text UUid:468799ed-e9a8-4ac6-9bcb-094d550a0633
08-12 20:12:53 com_github_MitjaNemec_ReplicateLayout.replicate_layout 991:Dst text UUid:4a8ff122-a781-4560-becc-c6c051f9ca3d
08-12 20:12:53 com_github_MitjaNemec_ReplicateLayout.replicate_layout 990:Src text UUid:09c139e5-8773-485e-9445-068d56988507
08-12 20:12:53 com_github_MitjaNemec_ReplicateLayout.replicate_layout 991:Dst text UUid:2c10ead1-db17-4025-a3fd-5473480f2350
08-12 20:12:53 com_github_MitjaNemec_ReplicateLayout.replicate_layout 888:Replicating footprint: '5K1'
08-12 20:12:53 com_github_MitjaNemec_ReplicateLayout.replicate_layout 835:Src fp.id: '88F13B5B-7E56-4502-9734-1F75168744DB'
08-12 20:12:53 com_github_MitjaNemec_ReplicateLayout.replicate_layout 839:Dst fp.id: '88F13B5B-7E56-4502-9734-1F75168744DB'
08-12 20:12:53 com_github_MitjaNemec_ReplicateLayout.replicate_layout 895:found match in dst footprint: '5K3'
08-12 20:12:53 com_github_MitjaNemec_ReplicateLayout.replicate_layout 990:Src text UUid:005471a5-7c52-4d37-89bd-51afb5e0b6eb
08-12 20:12:53 com_github_MitjaNemec_ReplicateLayout.replicate_layout 991:Dst text UUid:3174c62b-97d3-45e2-acf6-9f98d8194d29
08-12 20:12:53 com_github_MitjaNemec_ReplicateLayout.replicate_layout 990:Src text UUid:6adbd221-bbce-480c-96f4-c5743a9a7b62
08-12 20:12:53 com_github_MitjaNemec_ReplicateLayout.replicate_layout 991:Dst text UUid:415665d7-4411-431d-9bd0-af79db798b41
08-12 20:12:53 com_github_MitjaNemec_ReplicateLayout.replicate_layout 990:Src text UUid:a782ed6d-7196-42d9-8964-92ff010dbd43
08-12 20:12:53 com_github_MitjaNemec_ReplicateLayout.replicate_layout 991:Dst text UUid:0fb08233-1e29-4c79-bdaa-743e10962bf7
08-12 20:12:53 com_github_MitjaNemec_ReplicateLayout.replicate_layout 888:Replicating footprint: '1N5822'
08-12 20:12:53 com_github_MitjaNemec_ReplicateLayout.replicate_layout 835:Src fp.id: 'F23A8636-297D-4AFC-87E7-E2C9AA499D02'
08-12 20:12:53 com_github_MitjaNemec_ReplicateLayout.replicate_layout 839:Dst fp.id: 'F23A8636-297D-4AFC-87E7-E2C9AA499D02'
08-12 20:12:53 com_github_MitjaNemec_ReplicateLayout.replicate_layout 895:found match in dst footprint: '1N5824'
08-12 20:12:53 com_github_MitjaNemec_ReplicateLayout.replicate_layout 990:Src text UUid:4861a9bf-18e2-499d-a813-f64dd997bdc0
08-12 20:12:53 com_github_MitjaNemec_ReplicateLayout.replicate_layout 991:Dst text UUid:28d9def0-4d8d-4abe-93a1-db29331a4192
08-12 20:12:53 com_github_MitjaNemec_ReplicateLayout.replicate_layout 990:Src text UUid:bdd11c8a-6593-44f0-8a32-76668a0b6d1d
08-12 20:12:53 com_github_MitjaNemec_ReplicateLayout.replicate_layout 991:Dst text UUid:b6b6ffb7-ef4c-4fcd-946b-166cee3601d0
08-12 20:12:53 com_github_MitjaNemec_ReplicateLayout.replicate_layout 990:Src text UUid:a7193ab7-ce44-491e-8640-cd5f6526d4f6
08-12 20:12:53 com_github_MitjaNemec_ReplicateLayout.replicate_layout 991:Dst text UUid:6d422a72-1a7c-4762-83e4-8e2882ca071b
08-12 20:12:53 com_github_MitjaNemec_ReplicateLayout.replicate_layout 990:Src text UUid:a1a4461e-332f-4160-b4c4-090e9f0dece8
08-12 20:12:53 com_github_MitjaNemec_ReplicateLayout.replicate_layout 991:Dst text UUid:57b9e2f3-3554-4aab-97fb-ff41969d26f3
08-12 20:12:53 com_github_MitjaNemec_ReplicateLayout.replicate_layout 990:Src text UUid:4292f430-4cff-42bb-a0a1-135d522200ab
08-12 20:12:53 com_github_MitjaNemec_ReplicateLayout.replicate_layout 991:Dst text UUid:6d422a72-1a7c-4762-83e4-8e2882ca071b
08-12 20:12:53 com_github_MitjaNemec_ReplicateLayout.replicate_layout 888:Replicating footprint: '1K1'
08-12 20:12:53 com_github_MitjaNemec_ReplicateLayout.replicate_layout 835:Src fp.id: '8658204F-57CF-4D6C-A658-119F2C6B01A8'
08-12 20:12:53 com_github_MitjaNemec_ReplicateLayout.replicate_layout 839:Dst fp.id: '8658204F-57CF-4D6C-A658-119F2C6B01A8'
08-12 20:12:53 com_github_MitjaNemec_ReplicateLayout.replicate_layout 895:found match in dst footprint: '1K3'
08-12 20:12:53 com_github_MitjaNemec_ReplicateLayout.replicate_layout 990:Src text UUid:fa3366b9-e8ab-47b9-b5c5-79aa9e5da64a
08-12 20:12:53 com_github_MitjaNemec_ReplicateLayout.replicate_layout 991:Dst text UUid:35c9c5dd-47b9-4ac5-afa1-e1b12384933d
08-12 20:12:53 com_github_MitjaNemec_ReplicateLayout.replicate_layout 990:Src text UUid:eec12255-2ed0-4313-8566-17cd0b14ba9b
08-12 20:12:53 com_github_MitjaNemec_ReplicateLayout.replicate_layout 991:Dst text UUid:0e20aed8-a27f-48dd-a722-86932d7870a5
08-12 20:12:53 com_github_MitjaNemec_ReplicateLayout.replicate_layout 990:Src text UUid:691c5bfa-7865-48a8-a11b-c3f532f85be7
08-12 20:12:53 com_github_MitjaNemec_ReplicateLayout.replicate_layout 991:Dst text UUid:878a476c-1f62-40e7-af27-f93074286bef
08-12 20:12:53 com_github_MitjaNemec_ReplicateLayout.replicate_layout 888:Replicating footprint: '-   +3'
08-12 20:12:53 com_github_MitjaNemec_ReplicateLayout.replicate_layout 835:Src fp.id: 'BF7E736E-3DD2-4EE3-97F9-7FC8F2A8CF26'
08-12 20:12:53 com_github_MitjaNemec_ReplicateLayout.replicate_layout 839:Dst fp.id: 'BF7E736E-3DD2-4EE3-97F9-7FC8F2A8CF26'
08-12 20:12:53 com_github_MitjaNemec_ReplicateLayout.replicate_layout 895:found match in dst footprint: '-   +5'
08-12 20:12:53 com_github_MitjaNemec_ReplicateLayout.replicate_layout 990:Src text UUid:8553d426-e818-42f2-bd87-4c8912cfc9a6
08-12 20:12:53 com_github_MitjaNemec_ReplicateLayout.replicate_layout 991:Dst text UUid:cf8878db-ac52-489c-84a1-89b6f5eb8021
08-12 20:12:53 com_github_MitjaNemec_ReplicateLayout.replicate_layout 990:Src text UUid:4fd8c88f-6578-4452-83ff-a37ac98a19b4
08-12 20:12:53 com_github_MitjaNemec_ReplicateLayout.replicate_layout 991:Dst text UUid:6f8c4fb2-e270-4fde-912a-95023a56c461
08-12 20:12:53 com_github_MitjaNemec_ReplicateLayout.replicate_layout 990:Src text UUid:c65e744d-b621-4306-82e9-46bdb32a5ede
08-12 20:12:53 com_github_MitjaNemec_ReplicateLayout.replicate_layout 991:Dst text UUid:cb08cecf-e1ec-4059-bfd6-aa639c81d6db
08-12 20:12:53 com_github_MitjaNemec_ReplicateLayout.replicate_layout 870:Replicating footprints on sheet ['/CH4/']
08-12 20:12:53 com_github_MitjaNemec_ReplicateLayout.replicate_layout 835:Src fp.id: 'E33E9E47-578D-43D2-80D9-EADD6230C146'
08-12 20:12:53 com_github_MitjaNemec_ReplicateLayout.replicate_layout 839:Dst fp.id: 'E33E9E47-578D-43D2-80D9-EADD6230C146'
08-12 20:12:53 com_github_MitjaNemec_ReplicateLayout.replicate_layout 888:Replicating footprint: 'LM2596-ADJ1'
08-12 20:12:53 com_github_MitjaNemec_ReplicateLayout.replicate_layout 835:Src fp.id: 'CF93D49B-ACA8-4F59-B1E2-BA1A7E32C8D8'
08-12 20:12:53 com_github_MitjaNemec_ReplicateLayout.replicate_layout 839:Dst fp.id: 'CF93D49B-ACA8-4F59-B1E2-BA1A7E32C8D8'
08-12 20:12:53 com_github_MitjaNemec_ReplicateLayout.replicate_layout 895:found match in dst footprint: 'LM2596-ADJ4'
08-12 20:12:53 com_github_MitjaNemec_ReplicateLayout.replicate_layout 990:Src text UUid:fd67ff5c-3149-470f-9994-a1a184dd3cc3
08-12 20:12:53 com_github_MitjaNemec_ReplicateLayout.replicate_layout 991:Dst text UUid:b57a1d6f-1e43-40c4-a5c1-29b05a420487
08-12 20:12:53 com_github_MitjaNemec_ReplicateLayout.replicate_layout 990:Src text UUid:8708650a-0b23-4a63-b86c-d3b4e45eb8aa
08-12 20:12:53 com_github_MitjaNemec_ReplicateLayout.replicate_layout 991:Dst text UUid:2f4d0db2-bcca-410f-ada1-5433c33beb4b
08-12 20:12:53 com_github_MitjaNemec_ReplicateLayout.replicate_layout 990:Src text UUid:5f4ef377-950d-438a-8f1c-959100f87f39
08-12 20:12:53 com_github_MitjaNemec_ReplicateLayout.replicate_layout 991:Dst text UUid:73e5b81e-4f32-4db5-bd91-7fd56d2e2106
08-12 20:12:53 com_github_MitjaNemec_ReplicateLayout.replicate_layout 888:Replicating footprint: 'C5'
08-12 20:12:53 com_github_MitjaNemec_ReplicateLayout.replicate_layout 835:Src fp.id: '546B37D8-9F3A-4B56-8E63-89922A70CF81'
08-12 20:12:53 com_github_MitjaNemec_ReplicateLayout.replicate_layout 839:Dst fp.id: '546B37D8-9F3A-4B56-8E63-89922A70CF81'
08-12 20:12:53 com_github_MitjaNemec_ReplicateLayout.replicate_layout 895:found match in dst footprint: 'C8'
08-12 20:12:53 com_github_MitjaNemec_ReplicateLayout.replicate_layout 990:Src text UUid:63cb9018-d450-4ceb-bc41-ab69ebd596e4
08-12 20:12:53 com_github_MitjaNemec_ReplicateLayout.replicate_layout 991:Dst text UUid:5a02286b-b3ea-4c24-b327-6ea014703b02
08-12 20:12:53 com_github_MitjaNemec_ReplicateLayout.replicate_layout 990:Src text UUid:29d0d9e3-c363-44db-8336-4cdd8bd088a4
08-12 20:12:53 com_github_MitjaNemec_ReplicateLayout.replicate_layout 991:Dst text UUid:26d3d604-4e06-401b-842d-bfe8f4cd78a4
08-12 20:12:53 com_github_MitjaNemec_ReplicateLayout.replicate_layout 990:Src text UUid:dfc948e8-888f-4855-9f2d-8f879251056b
08-12 20:12:53 com_github_MitjaNemec_ReplicateLayout.replicate_layout 991:Dst text UUid:435bd06e-47fe-436c-aacd-6dc78dfad615
08-12 20:12:53 com_github_MitjaNemec_ReplicateLayout.replicate_layout 888:Replicating footprint: '220uF1'
08-12 20:12:53 com_github_MitjaNemec_ReplicateLayout.replicate_layout 835:Src fp.id: 'F72EAC14-0D40-4FA6-BFA9-CE38271E7D69'
08-12 20:12:53 com_github_MitjaNemec_ReplicateLayout.replicate_layout 839:Dst fp.id: 'F72EAC14-0D40-4FA6-BFA9-CE38271E7D69'
08-12 20:12:53 com_github_MitjaNemec_ReplicateLayout.replicate_layout 895:found match in dst footprint: '220uF4'
08-12 20:12:53 com_github_MitjaNemec_ReplicateLayout.replicate_layout 990:Src text UUid:49a3fc1e-e76f-415a-bf08-bbb1ec7b3447
08-12 20:12:53 com_github_MitjaNemec_ReplicateLayout.replicate_layout 991:Dst text UUid:0a59abc1-e95b-4e5f-8136-bf9bd0e75246
08-12 20:12:53 com_github_MitjaNemec_ReplicateLayout.replicate_layout 990:Src text UUid:499ff1ca-d8fb-483b-8ac1-4ea724bc93f1
08-12 20:12:53 com_github_MitjaNemec_ReplicateLayout.replicate_layout 991:Dst text UUid:0766fc61-2a91-4cbc-af1c-3dbf90f22fed
08-12 20:12:53 com_github_MitjaNemec_ReplicateLayout.replicate_layout 990:Src text UUid:0e672003-f772-43ef-a9e7-26ee69de030a
08-12 20:12:53 com_github_MitjaNemec_ReplicateLayout.replicate_layout 991:Dst text UUid:3e4a96d8-1da2-405a-acaa-9dde72100e1f
08-12 20:12:53 com_github_MitjaNemec_ReplicateLayout.replicate_layout 888:Replicating footprint: '100uH1'
08-12 20:12:53 com_github_MitjaNemec_ReplicateLayout.replicate_layout 835:Src fp.id: 'FE996B3D-F528-459A-A0E9-98BE30404B35'
08-12 20:12:53 com_github_MitjaNemec_ReplicateLayout.replicate_layout 839:Dst fp.id: 'FE996B3D-F528-459A-A0E9-98BE30404B35'
08-12 20:12:53 com_github_MitjaNemec_ReplicateLayout.replicate_layout 895:found match in dst footprint: '100uH4'
08-12 20:12:53 com_github_MitjaNemec_ReplicateLayout.replicate_layout 990:Src text UUid:efa4b9ff-ccb6-4d1a-8ff5-e9ac44dc324d
08-12 20:12:53 com_github_MitjaNemec_ReplicateLayout.replicate_layout 991:Dst text UUid:09a07dc9-0a90-46f2-8ca9-567c752fa095
08-12 20:12:53 com_github_MitjaNemec_ReplicateLayout.replicate_layout 990:Src text UUid:b173ccad-3b30-4840-9932-542f841884b2
08-12 20:12:53 com_github_MitjaNemec_ReplicateLayout.replicate_layout 991:Dst text UUid:fb17daa5-bd3b-42fa-9d64-41f1df738813
08-12 20:12:53 com_github_MitjaNemec_ReplicateLayout.replicate_layout 990:Src text UUid:6ed59cef-a274-42d1-903e-b876a96d7239
08-12 20:12:53 com_github_MitjaNemec_ReplicateLayout.replicate_layout 991:Dst text UUid:950383b3-e592-46ac-8bbb-2792b7fdff1f
08-12 20:12:53 com_github_MitjaNemec_ReplicateLayout.replicate_layout 888:Replicating footprint: '100uF1'
08-12 20:12:53 com_github_MitjaNemec_ReplicateLayout.replicate_layout 835:Src fp.id: 'E33E9E47-578D-43D2-80D9-EADD6230C146'
08-12 20:12:53 com_github_MitjaNemec_ReplicateLayout.replicate_layout 839:Dst fp.id: 'E33E9E47-578D-43D2-80D9-EADD6230C146'
08-12 20:12:53 com_github_MitjaNemec_ReplicateLayout.replicate_layout 895:found match in dst footprint: '100uF4'
08-12 20:12:53 com_github_MitjaNemec_ReplicateLayout.replicate_layout 990:Src text UUid:7fc7230b-5c0b-4d7a-a341-58b7d3f21c40
08-12 20:12:53 com_github_MitjaNemec_ReplicateLayout.replicate_layout 991:Dst text UUid:5f392010-13b8-4450-b425-149fc11d567d
08-12 20:12:53 com_github_MitjaNemec_ReplicateLayout.replicate_layout 990:Src text UUid:468799ed-e9a8-4ac6-9bcb-094d550a0633
08-12 20:12:53 com_github_MitjaNemec_ReplicateLayout.replicate_layout 991:Dst text UUid:9137f83a-389d-4a28-935c-db0c8d61ece2
08-12 20:12:53 com_github_MitjaNemec_ReplicateLayout.replicate_layout 990:Src text UUid:09c139e5-8773-485e-9445-068d56988507
08-12 20:12:53 com_github_MitjaNemec_ReplicateLayout.replicate_layout 991:Dst text UUid:0546ff0f-df69-40ad-b94b-980e501328ef
08-12 20:12:53 com_github_MitjaNemec_ReplicateLayout.replicate_layout 888:Replicating footprint: '5K1'
08-12 20:12:53 com_github_MitjaNemec_ReplicateLayout.replicate_layout 835:Src fp.id: '88F13B5B-7E56-4502-9734-1F75168744DB'
08-12 20:12:53 com_github_MitjaNemec_ReplicateLayout.replicate_layout 839:Dst fp.id: '88F13B5B-7E56-4502-9734-1F75168744DB'
08-12 20:12:53 com_github_MitjaNemec_ReplicateLayout.replicate_layout 895:found match in dst footprint: '5K4'
08-12 20:12:53 com_github_MitjaNemec_ReplicateLayout.replicate_layout 990:Src text UUid:005471a5-7c52-4d37-89bd-51afb5e0b6eb
08-12 20:12:53 com_github_MitjaNemec_ReplicateLayout.replicate_layout 991:Dst text UUid:a0f6d777-d095-4009-887b-962b0866b604
08-12 20:12:53 com_github_MitjaNemec_ReplicateLayout.replicate_layout 990:Src text UUid:6adbd221-bbce-480c-96f4-c5743a9a7b62
08-12 20:12:53 com_github_MitjaNemec_ReplicateLayout.replicate_layout 991:Dst text UUid:2d5ce892-2304-4a68-9594-3a1c4ee6d7e1
08-12 20:12:53 com_github_MitjaNemec_ReplicateLayout.replicate_layout 990:Src text UUid:a782ed6d-7196-42d9-8964-92ff010dbd43
08-12 20:12:53 com_github_MitjaNemec_ReplicateLayout.replicate_layout 991:Dst text UUid:141ce2be-277a-4c90-88fc-2ee4bfcf37b2
08-12 20:12:53 com_github_MitjaNemec_ReplicateLayout.replicate_layout 888:Replicating footprint: '1N5822'
08-12 20:12:53 root 345:updating GUI with: 92
08-12 20:12:53 com_github_MitjaNemec_ReplicateLayout.replicate_layout 835:Src fp.id: 'F23A8636-297D-4AFC-87E7-E2C9AA499D02'
08-12 20:12:53 com_github_MitjaNemec_ReplicateLayout.replicate_layout 839:Dst fp.id: 'F23A8636-297D-4AFC-87E7-E2C9AA499D02'
08-12 20:12:53 com_github_MitjaNemec_ReplicateLayout.replicate_layout 895:found match in dst footprint: '1N5825'
08-12 20:12:53 com_github_MitjaNemec_ReplicateLayout.replicate_layout 990:Src text UUid:4861a9bf-18e2-499d-a813-f64dd997bdc0
08-12 20:12:53 com_github_MitjaNemec_ReplicateLayout.replicate_layout 991:Dst text UUid:7369c302-6644-4fd1-951d-4b8977486112
08-12 20:12:53 com_github_MitjaNemec_ReplicateLayout.replicate_layout 990:Src text UUid:bdd11c8a-6593-44f0-8a32-76668a0b6d1d
08-12 20:12:53 com_github_MitjaNemec_ReplicateLayout.replicate_layout 991:Dst text UUid:dbe48250-4ab4-49b2-9946-5c49b3297759
08-12 20:12:53 com_github_MitjaNemec_ReplicateLayout.replicate_layout 990:Src text UUid:a7193ab7-ce44-491e-8640-cd5f6526d4f6
08-12 20:12:53 com_github_MitjaNemec_ReplicateLayout.replicate_layout 991:Dst text UUid:3a1a322f-a5a8-4d3f-890c-00875d452404
08-12 20:12:53 com_github_MitjaNemec_ReplicateLayout.replicate_layout 990:Src text UUid:a1a4461e-332f-4160-b4c4-090e9f0dece8
08-12 20:12:53 com_github_MitjaNemec_ReplicateLayout.replicate_layout 991:Dst text UUid:c1d90321-986e-49b6-a553-62ac6331b087
08-12 20:12:53 com_github_MitjaNemec_ReplicateLayout.replicate_layout 990:Src text UUid:4292f430-4cff-42bb-a0a1-135d522200ab
08-12 20:12:53 com_github_MitjaNemec_ReplicateLayout.replicate_layout 991:Dst text UUid:3a1a322f-a5a8-4d3f-890c-00875d452404
08-12 20:12:53 com_github_MitjaNemec_ReplicateLayout.replicate_layout 888:Replicating footprint: '1K1'
08-12 20:12:53 com_github_MitjaNemec_ReplicateLayout.replicate_layout 835:Src fp.id: '8658204F-57CF-4D6C-A658-119F2C6B01A8'
08-12 20:12:53 com_github_MitjaNemec_ReplicateLayout.replicate_layout 839:Dst fp.id: '8658204F-57CF-4D6C-A658-119F2C6B01A8'
08-12 20:12:53 com_github_MitjaNemec_ReplicateLayout.replicate_layout 895:found match in dst footprint: '1K4'
08-12 20:12:53 com_github_MitjaNemec_ReplicateLayout.replicate_layout 990:Src text UUid:fa3366b9-e8ab-47b9-b5c5-79aa9e5da64a
08-12 20:12:53 com_github_MitjaNemec_ReplicateLayout.replicate_layout 991:Dst text UUid:44ededfb-17d0-4766-98d0-9c12e66ce1cc
08-12 20:12:53 com_github_MitjaNemec_ReplicateLayout.replicate_layout 990:Src text UUid:eec12255-2ed0-4313-8566-17cd0b14ba9b
08-12 20:12:53 com_github_MitjaNemec_ReplicateLayout.replicate_layout 991:Dst text UUid:e7ea8cd5-da3b-488d-8799-0c348be9a3cf
08-12 20:12:53 com_github_MitjaNemec_ReplicateLayout.replicate_layout 990:Src text UUid:691c5bfa-7865-48a8-a11b-c3f532f85be7
08-12 20:12:53 com_github_MitjaNemec_ReplicateLayout.replicate_layout 991:Dst text UUid:e09c4390-7c42-4150-a42a-ef5ae2b8ddbf
08-12 20:12:53 com_github_MitjaNemec_ReplicateLayout.replicate_layout 888:Replicating footprint: '-   +3'
08-12 20:12:53 com_github_MitjaNemec_ReplicateLayout.replicate_layout 835:Src fp.id: 'BF7E736E-3DD2-4EE3-97F9-7FC8F2A8CF26'
08-12 20:12:53 com_github_MitjaNemec_ReplicateLayout.replicate_layout 839:Dst fp.id: 'BF7E736E-3DD2-4EE3-97F9-7FC8F2A8CF26'
08-12 20:12:53 com_github_MitjaNemec_ReplicateLayout.replicate_layout 895:found match in dst footprint: '-   +6'
08-12 20:12:53 com_github_MitjaNemec_ReplicateLayout.replicate_layout 990:Src text UUid:8553d426-e818-42f2-bd87-4c8912cfc9a6
08-12 20:12:53 com_github_MitjaNemec_ReplicateLayout.replicate_layout 991:Dst text UUid:6de48248-da98-4b43-91ce-39d48908c36e
08-12 20:12:53 com_github_MitjaNemec_ReplicateLayout.replicate_layout 990:Src text UUid:4fd8c88f-6578-4452-83ff-a37ac98a19b4
08-12 20:12:53 com_github_MitjaNemec_ReplicateLayout.replicate_layout 991:Dst text UUid:a5d58079-7c2c-4c81-8e16-b64ec297767c
08-12 20:12:53 com_github_MitjaNemec_ReplicateLayout.replicate_layout 990:Src text UUid:c65e744d-b621-4306-82e9-46bdb32a5ede
08-12 20:12:53 com_github_MitjaNemec_ReplicateLayout.replicate_layout 991:Dst text UUid:65c5c6c0-a3d7-462c-9e83-24ebf319b0fd
08-12 20:12:53 root 340:updating GUI message: 'Replicating tracks'
08-12 20:12:53 com_github_MitjaNemec_ReplicateLayout.replicate_layout 1014:Replicating tracks
08-12 20:12:53 com_github_MitjaNemec_ReplicateLayout.replicate_layout 1020:Replicating tracks on sheet ['/CH2/']
08-12 20:12:53 com_github_MitjaNemec_ReplicateLayout.replicate_layout 835:Src fp.id: 'E33E9E47-578D-43D2-80D9-EADD6230C146'
08-12 20:12:53 com_github_MitjaNemec_ReplicateLayout.replicate_layout 839:Dst fp.id: 'E33E9E47-578D-43D2-80D9-EADD6230C146'
08-12 20:12:53 com_github_MitjaNemec_ReplicateLayout.replicate_layout 792:Net pairs for sheet ['/CH2/'] :[('/CH1/POWER IN', '/CH1/POWER IN'), ('GND', 'GND'), ('/CH1/CONTROL', '/CH2/CONTROL'), ('Net-(LM2596-ADJ1-FB)', 'Net-(LM2596-ADJ2-FB)'), ('', ''), ('Net-(-   +3-Pin_1)', 'Net-(-   +4-Pin_1)'), ('Net-(1N5822-K)', 'Net-(1N5823-K)')]
08-12 20:12:53 com_github_MitjaNemec_ReplicateLayout.replicate_layout 1020:Replicating tracks on sheet ['/CH3/']
08-12 20:12:53 com_github_MitjaNemec_ReplicateLayout.replicate_layout 835:Src fp.id: 'E33E9E47-578D-43D2-80D9-EADD6230C146'
08-12 20:12:53 com_github_MitjaNemec_ReplicateLayout.replicate_layout 839:Dst fp.id: 'E33E9E47-578D-43D2-80D9-EADD6230C146'
08-12 20:12:53 com_github_MitjaNemec_ReplicateLayout.replicate_layout 792:Net pairs for sheet ['/CH3/'] :[('/CH1/POWER IN', '/CH1/POWER IN'), ('GND', 'GND'), ('Net-(LM2596-ADJ1-FB)', 'Net-(LM2596-ADJ3-FB)'), ('', ''), ('Net-(1N5822-K)', 'Net-(1N5824-K)'), ('Net-(-   +3-Pin_1)', 'Net-(-   +5-Pin_1)'), ('/CH1/CONTROL', '/CH3/CONTROL')]
08-12 20:12:53 com_github_MitjaNemec_ReplicateLayout.replicate_layout 1020:Replicating tracks on sheet ['/CH4/']
08-12 20:12:53 com_github_MitjaNemec_ReplicateLayout.replicate_layout 835:Src fp.id: 'E33E9E47-578D-43D2-80D9-EADD6230C146'
08-12 20:12:53 com_github_MitjaNemec_ReplicateLayout.replicate_layout 839:Dst fp.id: 'E33E9E47-578D-43D2-80D9-EADD6230C146'
08-12 20:12:53 com_github_MitjaNemec_ReplicateLayout.replicate_layout 792:Net pairs for sheet ['/CH4/'] :[('/CH1/POWER IN', '/CH1/POWER IN'), ('GND', 'GND'), ('Net-(1N5822-K)', 'Net-(1N5825-K)'), ('Net-(-   +3-Pin_1)', 'Net-(-   +6-Pin_1)'), ('', ''), ('Net-(LM2596-ADJ1-FB)', 'Net-(LM2596-ADJ4-FB)'), ('/CH1/CONTROL', '/CH4/CONTROL')]
08-12 20:12:53 root 340:updating GUI message: 'Replicating zones'
08-12 20:12:53 com_github_MitjaNemec_ReplicateLayout.replicate_layout 1084:Replicating zones
08-12 20:12:53 com_github_MitjaNemec_ReplicateLayout.replicate_layout 1091:Replicating zones on sheet ['/CH2/']
08-12 20:12:53 com_github_MitjaNemec_ReplicateLayout.replicate_layout 835:Src fp.id: 'E33E9E47-578D-43D2-80D9-EADD6230C146'
08-12 20:12:53 com_github_MitjaNemec_ReplicateLayout.replicate_layout 839:Dst fp.id: 'E33E9E47-578D-43D2-80D9-EADD6230C146'
08-12 20:12:53 com_github_MitjaNemec_ReplicateLayout.replicate_layout 792:Net pairs for sheet ['/CH2/'] :[('/CH1/POWER IN', '/CH1/POWER IN'), ('GND', 'GND'), ('/CH1/CONTROL', '/CH2/CONTROL'), ('Net-(LM2596-ADJ1-FB)', 'Net-(LM2596-ADJ2-FB)'), ('', ''), ('Net-(-   +3-Pin_1)', 'Net-(-   +4-Pin_1)'), ('Net-(1N5822-K)', 'Net-(1N5823-K)')]
08-12 20:12:53 com_github_MitjaNemec_ReplicateLayout.replicate_layout 1091:Replicating zones on sheet ['/CH3/']
08-12 20:12:53 com_github_MitjaNemec_ReplicateLayout.replicate_layout 835:Src fp.id: 'E33E9E47-578D-43D2-80D9-EADD6230C146'
08-12 20:12:53 com_github_MitjaNemec_ReplicateLayout.replicate_layout 839:Dst fp.id: 'E33E9E47-578D-43D2-80D9-EADD6230C146'
08-12 20:12:53 com_github_MitjaNemec_ReplicateLayout.replicate_layout 792:Net pairs for sheet ['/CH3/'] :[('/CH1/POWER IN', '/CH1/POWER IN'), ('GND', 'GND'), ('Net-(LM2596-ADJ1-FB)', 'Net-(LM2596-ADJ3-FB)'), ('', ''), ('Net-(1N5822-K)', 'Net-(1N5824-K)'), ('Net-(-   +3-Pin_1)', 'Net-(-   +5-Pin_1)'), ('/CH1/CONTROL', '/CH3/CONTROL')]
08-12 20:12:53 root 345:updating GUI with: 66
08-12 20:12:53 com_github_MitjaNemec_ReplicateLayout.replicate_layout 1091:Replicating zones on sheet ['/CH4/']
08-12 20:12:53 com_github_MitjaNemec_ReplicateLayout.replicate_layout 835:Src fp.id: 'E33E9E47-578D-43D2-80D9-EADD6230C146'
08-12 20:12:53 com_github_MitjaNemec_ReplicateLayout.replicate_layout 839:Dst fp.id: 'E33E9E47-578D-43D2-80D9-EADD6230C146'
08-12 20:12:53 com_github_MitjaNemec_ReplicateLayout.replicate_layout 792:Net pairs for sheet ['/CH4/'] :[('/CH1/POWER IN', '/CH1/POWER IN'), ('GND', 'GND'), ('Net-(1N5822-K)', 'Net-(1N5825-K)'), ('Net-(-   +3-Pin_1)', 'Net-(-   +6-Pin_1)'), ('', ''), ('Net-(LM2596-ADJ1-FB)', 'Net-(LM2596-ADJ4-FB)'), ('/CH1/CONTROL', '/CH4/CONTROL')]
08-12 20:12:53 root 340:updating GUI message: 'Replicating text'
08-12 20:12:53 com_github_MitjaNemec_ReplicateLayout.replicate_layout 1173:Replicating text
08-12 20:12:53 com_github_MitjaNemec_ReplicateLayout.replicate_layout 1180:Replicating text on sheet ['/CH2/']
08-12 20:12:53 com_github_MitjaNemec_ReplicateLayout.replicate_layout 835:Src fp.id: 'E33E9E47-578D-43D2-80D9-EADD6230C146'
08-12 20:12:53 com_github_MitjaNemec_ReplicateLayout.replicate_layout 839:Dst fp.id: 'E33E9E47-578D-43D2-80D9-EADD6230C146'
08-12 20:12:53 com_github_MitjaNemec_ReplicateLayout.replicate_layout 1180:Replicating text on sheet ['/CH3/']
08-12 20:12:53 com_github_MitjaNemec_ReplicateLayout.replicate_layout 835:Src fp.id: 'E33E9E47-578D-43D2-80D9-EADD6230C146'
08-12 20:12:53 com_github_MitjaNemec_ReplicateLayout.replicate_layout 839:Dst fp.id: 'E33E9E47-578D-43D2-80D9-EADD6230C146'
08-12 20:12:53 com_github_MitjaNemec_ReplicateLayout.replicate_layout 1180:Replicating text on sheet ['/CH4/']
08-12 20:12:53 com_github_MitjaNemec_ReplicateLayout.replicate_layout 835:Src fp.id: 'E33E9E47-578D-43D2-80D9-EADD6230C146'
08-12 20:12:53 com_github_MitjaNemec_ReplicateLayout.replicate_layout 839:Dst fp.id: 'E33E9E47-578D-43D2-80D9-EADD6230C146'
08-12 20:12:53 root 340:updating GUI message: 'Replicating drawings'
08-12 20:12:53 com_github_MitjaNemec_ReplicateLayout.replicate_layout 1224:Replicating drawings
08-12 20:12:53 com_github_MitjaNemec_ReplicateLayout.replicate_layout 1230:Replicating drawings on sheet ['/CH2/']
08-12 20:12:53 com_github_MitjaNemec_ReplicateLayout.replicate_layout 835:Src fp.id: 'E33E9E47-578D-43D2-80D9-EADD6230C146'
08-12 20:12:53 com_github_MitjaNemec_ReplicateLayout.replicate_layout 839:Dst fp.id: 'E33E9E47-578D-43D2-80D9-EADD6230C146'
08-12 20:12:53 com_github_MitjaNemec_ReplicateLayout.replicate_layout 1230:Replicating drawings on sheet ['/CH3/']
08-12 20:12:53 com_github_MitjaNemec_ReplicateLayout.replicate_layout 835:Src fp.id: 'E33E9E47-578D-43D2-80D9-EADD6230C146'
08-12 20:12:53 com_github_MitjaNemec_ReplicateLayout.replicate_layout 839:Dst fp.id: 'E33E9E47-578D-43D2-80D9-EADD6230C146'
08-12 20:12:53 com_github_MitjaNemec_ReplicateLayout.replicate_layout 1230:Replicating drawings on sheet ['/CH4/']
08-12 20:12:53 com_github_MitjaNemec_ReplicateLayout.replicate_layout 835:Src fp.id: 'E33E9E47-578D-43D2-80D9-EADD6230C146'
08-12 20:12:53 com_github_MitjaNemec_ReplicateLayout.replicate_layout 839:Dst fp.id: 'E33E9E47-578D-43D2-80D9-EADD6230C146'
08-12 20:12:53 com_github_MitjaNemec_ReplicateLayout.action_replicate_layout 264:Replication complete
