./src/common/stdpbase.cpp(59): assert ""traits"" failed in Get(): create wxApp before calling this
08:37:19 PM: Debug: Adding duplicate image handler for 'PNG file'
08:37:19 PM: Debug: Adding duplicate image handler for 'JPEG file'
08:37:19 PM: Debug: Adding duplicate image handler for 'TIFF file'
08:37:19 PM: Debug: Adding duplicate image handler for 'GIF file'
08:37:19 PM: Debug: Adding duplicate image handler for 'PNM file'
08:37:19 PM: Debug: Adding duplicate image handler for 'PCX file'
08:37:19 PM: Debug: Adding duplicate image handler for 'IFF file'
08:37:19 PM: Debug: Adding duplicate image handler for 'Windows icon file'
08:37:19 PM: Debug: Adding duplicate image handler for 'Windows cursor file'
08:37:19 PM: Debug: Adding duplicate image handler for 'Windows animated cursor file'
08:37:19 PM: Debug: Adding duplicate image handler for 'TGA file'
08:37:19 PM: Debug: Adding duplicate image handler for 'XPM file'
08:37:20 PM: Debug: Adding duplicate image handler for 'PNG file'
08:37:20 PM: Debug: Adding duplicate image handler for 'JPEG file'
08:37:20 PM: Debug: Adding duplicate image handler for 'TIFF file'
08:37:20 PM: Debug: Adding duplicate image handler for 'GIF file'
08:37:20 PM: Debug: Adding duplicate image handler for 'PNM file'
08:37:20 PM: Debug: Adding duplicate image handler for 'PCX file'
08:37:20 PM: Debug: Adding duplicate image handler for 'IFF file'
08:37:20 PM: Debug: Adding duplicate image handler for 'Windows icon file'
08:37:20 PM: Debug: Adding duplicate image handler for 'Windows cursor file'
08:37:20 PM: Debug: Adding duplicate image handler for 'Windows animated cursor file'
08:37:20 PM: Debug: Adding duplicate image handler for 'TGA file'
08:37:20 PM: Debug: Adding duplicate image handler for 'XPM file'
{"target": "/Users/tomwatson/Documents/GitHub/Kicadprojects/7377new/7377new/DiscreteClassD/DiscreteClassD-layout-study.kicad_pcb", "footprints": 196, "removed_from_copy": {"tracks_and_vias": 139, "zones": 8, "drawings": 1}, "original_hashes_unchanged": true}
